<?xml version="1.0"?>
<testsuite name="Chrome Headless 148.0.0.0 (Linux 0.0.0)" package="" timestamp="2026-06-09T00:55:23" id="0" hostname="kali" tests="122" errors="0" failures="0" time="1.081">
  <properties>
    <property name="browser.fullName" value="Mozilla/5.0 (X11; Linux x86_64) AppleWebKit/537.36 (KHTML, like Gecko) HeadlessChrome/148.0.0.0 Safari/537.36"/>
  </properties>
  <testcase name="Login Creating component  should to init with show password in status with false" time="0.194" classname="Login Creating component "/>
  <testcase name="Login Creating component  should creating with success" time="0.013" classname="Login Creating component "/>
  <testcase name="Login Estrutura do template should own the field email" time="0.011" classname="Login Estrutura do template"/>
  <testcase name="Login Estrutura do template Should own the field the button &quot;registrar-se&quot;" time="0.01" classname="Login Estrutura do template"/>
  <testcase name="Login Estrutura do template should own the field &quot;Entrar&quot;" time="0.011" classname="Login Estrutura do template"/>
  <testcase name="Login Estrutura do template Should the own the logo of aplication" time="0.009" classname="Login Estrutura do template"/>
  <testcase name="Login Estrutura do template should own the field &quot;password&quot;" time="0.008" classname="Login Estrutura do template"/>
  <testcase name="Login Estrutura do template Should own the field the button forget password" time="0.01" classname="Login Estrutura do template"/>
  <testcase name="Login Estrutura do template should show title &quot;SAFE ACCOUNTS&quot;" time="0.009" classname="Login Estrutura do template"/>
  <testcase name="Login Navigation (routerLink) The button &quot;registrar-se&quot; should have routerLink=&quot;/register&quot;" time="0.008" classname="Login Navigation (routerLink)"/>
  <testcase name="Login Navigation (routerLink) The button &quot;Entrar&quot; should have routerLink=&quot;/login&quot;" time="0" classname="Login Navigation (routerLink)">
    <skipped/>
  </testcase>
  <testcase name="Login Navigation (routerLink) The button &quot;senha&quot; should have routerLink=&quot;/forgot-password&quot;" time="0.007" classname="Login Navigation (routerLink)"/>
  <testcase name="Login toggleSenha() Should display to change the kind of type input to text when show password = true" time="0.008" classname="Login toggleSenha()"/>
  <testcase name="Login toggleSenha() Should to call toggleSenha() and to change the state the click in .show-icon" time="0.009" classname="Login toggleSenha()"/>
  <testcase name="Login toggleSenha() Should alternate show password of true to false" time="0.006" classname="Login toggleSenha()"/>
  <testcase name="Login toggleSenha() Should to back the kind type input to password when show password = false" time="0.006" classname="Login toggleSenha()"/>
  <testcase name="Login toggleSenha() Should display the .show-icon and hide the .hide-icon when showPassword = true." time="0.007" classname="Login toggleSenha()"/>
  <testcase name="Login toggleSenha() Should to call toggleSenha() and to change when click in .hide-icon" time="0.007" classname="Login toggleSenha()"/>
  <testcase name="Login toggleSenha() Should alternate show password of false to true" time="0.007" classname="Login toggleSenha()"/>
  <testcase name="Login toggleSenha() Should display the .show-icon and hide the .hide-icon when showPassword = false" time="0.007" classname="Login toggleSenha()"/>
  <testcase name="Home Support Button should open support email" time="0.019" classname="Home Support Button"/>
  <testcase name="Home Navigation Buttons should navigate to register page" time="0.008" classname="Home Navigation Buttons"/>
  <testcase name="Home Navigation Buttons should navigate to login page" time="0.006" classname="Home Navigation Buttons"/>
  <testcase name="NewPassword should create" time="0.028" classname="NewPassword"/>
  <testcase name="ValidateToken should create" time="0.02" classname="ValidateToken"/>
  <testcase name="ForgotPassword should create" time="0.015" classname="ForgotPassword"/>
  <testcase name="Sum Util should sum two numbers" time="0" classname="Sum Util"/>
  <testcase name="UserService should be created" time="0.002" classname="UserService"/>
  <testcase name="App should create the app" time="0.006" classname="App"/>
  <testcase name="User should create" time="0.004" classname="User"/>
  <testcase name="Register Navigation (routerLink) Button Entrar should have routerLink=&quot;/login&quot;" time="0.038" classname="Register Navigation (routerLink)"/>
  <testcase name="Register isLoading Should set isLoading to true when save starts" time="0.007" classname="Register isLoading"/>
  <testcase name="Register isLoading Should start isLoading as false" time="0.007" classname="Register isLoading"/>
  <testcase name="Register isLoading Should set isLoading to false after save success" time="0.015" classname="Register isLoading"/>
  <testcase name="Register isLoading Should set isLoading to false after save error" time="0.018" classname="Register isLoading"/>
  <testcase name="Register Alert behavior Should not navigate when close alert with error" time="0.013" classname="Register Alert behavior"/>
  <testcase name="Register Alert behavior Should navigate to /login when close alert with success" time="0.012" classname="Register Alert behavior"/>
  <testcase name="Register Alert behavior Should hide alert when onAlertClose is called" time="0.024" classname="Register Alert behavior"/>
  <testcase name="Register save() Should handle with error when save user" time="0.027" classname="Register save()"/>
  <testcase name="Register save() Should show alert with type error when save fails" time="0.011" classname="Register save()"/>
  <testcase name="Register save() Should call userService.saveUser with form data" time="0.011" classname="Register save()"/>
  <testcase name="Register save() Should show alert with type success when save with success" time="0.014" classname="Register save()"/>
  <testcase name="Register save() Should call save() when click in button Registrar" time="0.007" classname="Register save()"/>
  <testcase name="Register toggleSenha() Should change show password of true to false" time="0.007" classname="Register toggleSenha()"/>
  <testcase name="Register toggleSenha() Should change show password of false to true" time="0.006" classname="Register toggleSenha()"/>
  <testcase name="Register toggleSenha() The field password should be text when show password = true" time="0.007" classname="Register toggleSenha()"/>
  <testcase name="Register toggleSenha() The field password should be password when show password = false" time="0.006" classname="Register toggleSenha()"/>
  <testcase name="Register toggleSenha() Should active toggle when click in .show-icon" time="0.007" classname="Register toggleSenha()"/>
  <testcase name="Register toggleSenha() The field confirm password should be text when show password = true" time="0.005" classname="Register toggleSenha()"/>
  <testcase name="Register toggleSenha() The field confirm password should be password when show password = false" time="0.006" classname="Register toggleSenha()"/>
  <testcase name="Register toggleSenha() Should be active toggle when click in .hide-icon" time="0.006" classname="Register toggleSenha()"/>
  <testcase name="Register Reactive Form Binding Should update password control" time="0.008" classname="Register Reactive Form Binding"/>
  <testcase name="Register Reactive Form Binding Should update name control" time="0.007" classname="Register Reactive Form Binding"/>
  <testcase name="Register Reactive Form Binding Should update email control" time="0.006" classname="Register Reactive Form Binding"/>
  <testcase name="Register Creating component Should create component with success" time="0.006" classname="Register Creating component"/>
  <testcase name="Register Creating component Should start form with empty values" time="0.005" classname="Register Creating component"/>
  <testcase name="Register Creating component Should start with mostrarSenha = false" time="0.005" classname="Register Creating component"/>
  <testcase name="Register Structure of template Should have the button Registrar" time="0.006" classname="Register Structure of template"/>
  <testcase name="Register Structure of template Should have the logo in application" time="0.006" classname="Register Structure of template"/>
  <testcase name="Register Structure of template Should have the button Entrar" time="0.005" classname="Register Structure of template"/>
  <testcase name="Register Structure of template Should have the confirm field" time="0.006" classname="Register Structure of template"/>
  <testcase name="Register Structure of template Should have the name field" time="0.005" classname="Register Structure of template"/>
  <testcase name="Register Structure of template Should have the password field" time="0.006" classname="Register Structure of template"/>
  <testcase name="Register Structure of template Should have the email field" time="0.006" classname="Register Structure of template"/>
  <testcase name="Register Structure of template Should show title &quot;SAFE ACCOUNTS&quot;" time="0.006" classname="Register Structure of template"/>
  <testcase name="Alert should create" time="0.003" classname="Alert"/>
  <testcase name="CentralEmails formatCount() Should return — for null" time="0.052" classname="CentralEmails formatCount()"/>
  <testcase name="CentralEmails formatCount() Should format millions" time="0.004" classname="CentralEmails formatCount()"/>
  <testcase name="CentralEmails formatCount() Should return number as string" time="0.003" classname="CentralEmails formatCount()"/>
  <testcase name="CentralEmails formatCount() Should format thousands" time="0.004" classname="CentralEmails formatCount()"/>
  <testcase name="CentralEmails openPasswordModal() / closePasswordModal() Should open password modal" time="0.004" classname="CentralEmails openPasswordModal() / closePasswordModal()"/>
  <testcase name="CentralEmails openPasswordModal() / closePasswordModal() Should reset passwordResult when open password modal" time="0.004" classname="CentralEmails openPasswordModal() / closePasswordModal()"/>
  <testcase name="CentralEmails openPasswordModal() / closePasswordModal() Should reset newPassword when open password modal" time="0.004" classname="CentralEmails openPasswordModal() / closePasswordModal()"/>
  <testcase name="CentralEmails openPasswordModal() / closePasswordModal() Should reset newPassword when close password modal" time="0.004" classname="CentralEmails openPasswordModal() / closePasswordModal()"/>
  <testcase name="CentralEmails openPasswordModal() / closePasswordModal() Should close password modal" time="0.01" classname="CentralEmails openPasswordModal() / closePasswordModal()"/>
  <testcase name="CentralEmails openPasswordModal() / closePasswordModal() Should reset passwordResult when close password modal" time="0.004" classname="CentralEmails openPasswordModal() / closePasswordModal()"/>
  <testcase name="CentralEmails breachCount() Should return correct breach count" time="0.005" classname="CentralEmails breachCount()"/>
  <testcase name="CentralEmails breachCount() Should return 0 when no breaches" time="0.004" classname="CentralEmails breachCount()"/>
  <testcase name="CentralEmails toggleExpand() Should set expandedBreachId" time="0.004" classname="CentralEmails toggleExpand()"/>
  <testcase name="CentralEmails toggleExpand() Should collapse if same id clicked again" time="0.004" classname="CentralEmails toggleExpand()"/>
  <testcase name="CentralEmails checkPassword() Should not call service if newPassword is empty" time="0.004" classname="CentralEmails checkPassword()"/>
  <testcase name="CentralEmails checkPassword() Should set passwordResult to error message when service fails" time="0.005" classname="CentralEmails checkPassword()"/>
  <testcase name="CentralEmails checkPassword() Should call accountService.checkPassword with newPassword" time="0.005" classname="CentralEmails checkPassword()"/>
  <testcase name="CentralEmails checkPassword() Should set isCheckingPassword to false after error" time="0.004" classname="CentralEmails checkPassword()"/>
  <testcase name="CentralEmails checkPassword() Should set isCheckingPassword to false after success" time="0.004" classname="CentralEmails checkPassword()"/>
  <testcase name="CentralEmails checkPassword() Should set passwordResult when password is safe" time="0.003" classname="CentralEmails checkPassword()"/>
  <testcase name="CentralEmails checkPassword() Should set passwordResult when password is leaked" time="0.004" classname="CentralEmails checkPassword()"/>
  <testcase name="CentralEmails uniqueEmails getter Should return unique emails only" time="0.004" classname="CentralEmails uniqueEmails getter"/>
  <testcase name="CentralEmails uniqueEmails getter Should return empty when emails is empty" time="0.004" classname="CentralEmails uniqueEmails getter"/>
  <testcase name="CentralEmails openDetail() / closeDetail() Should open detail modal" time="0.004" classname="CentralEmails openDetail() / closeDetail()"/>
  <testcase name="CentralEmails openDetail() / closeDetail() Should reset selectedBreaches on close" time="0.003" classname="CentralEmails openDetail() / closeDetail()"/>
  <testcase name="CentralEmails openDetail() / closeDetail() Should reset selectedEmail on close" time="0.003" classname="CentralEmails openDetail() / closeDetail()"/>
  <testcase name="CentralEmails openDetail() / closeDetail() Should close detail modal" time="0.003" classname="CentralEmails openDetail() / closeDetail()"/>
  <testcase name="CentralEmails openDetail() / closeDetail() Should filter selectedBreaches by email" time="0.006" classname="CentralEmails openDetail() / closeDetail()"/>
  <testcase name="CentralEmails openDetail() / closeDetail() Should set selectedEmail" time="0.005" classname="CentralEmails openDetail() / closeDetail()"/>
  <testcase name="CentralEmails Creating component Should start newPassword as empty" time="0.006" classname="CentralEmails Creating component"/>
  <testcase name="CentralEmails Creating component Should start passwordResult as empty" time="0.004" classname="CentralEmails Creating component"/>
  <testcase name="CentralEmails Creating component Should start isCheckingPassword as false" time="0.003" classname="CentralEmails Creating component"/>
  <testcase name="CentralEmails Creating component Should start isLoading as false after load" time="0.004" classname="CentralEmails Creating component"/>
  <testcase name="CentralEmails Creating component Should start showDetailModal as false" time="0.005" classname="CentralEmails Creating component"/>
  <testcase name="CentralEmails Creating component Should start showAlert as false" time="0.004" classname="CentralEmails Creating component"/>
  <testcase name="CentralEmails Creating component Should start showPasswordModal as false" time="0.005" classname="CentralEmails Creating component"/>
  <testcase name="CentralEmails Creating component Should start showModal as false" time="0.005" classname="CentralEmails Creating component"/>
  <testcase name="CentralEmails Creating component Should create component with success" time="0.005" classname="CentralEmails Creating component"/>
  <testcase name="CentralEmails Creating component Should start newEmail as empty" time="0.004" classname="CentralEmails Creating component"/>
  <testcase name="CentralEmails onAlertClose() Should hide alert" time="0.004" classname="CentralEmails onAlertClose()"/>
  <testcase name="CentralEmails logout() Should remove userId from localStorage" time="0.004" classname="CentralEmails logout()"/>
  <testcase name="CentralEmails logout() Should navigate to /login" time="0.004" classname="CentralEmails logout()"/>
  <testcase name="CentralEmails deleteByEmail() Should show success alert after delete" time="0.004" classname="CentralEmails deleteByEmail()"/>
  <testcase name="CentralEmails deleteByEmail() Should show error alert when delete fails" time="0.005" classname="CentralEmails deleteByEmail()"/>
  <testcase name="CentralEmails deleteByEmail() Should call deleteByEmail on service" time="0.005" classname="CentralEmails deleteByEmail()"/>
  <testcase name="CentralEmails ngOnInit() Should call loadEmails on init" time="0.004" classname="CentralEmails ngOnInit()"/>
  <testcase name="CentralEmails ngOnInit() Should populate emails after load" time="0.004" classname="CentralEmails ngOnInit()"/>
  <testcase name="CentralEmails openModal() / closeModal() Should reset passwordResult when close modal" time="0.004" classname="CentralEmails openModal() / closeModal()"/>
  <testcase name="CentralEmails openModal() / closeModal() Should open modal" time="0.003" classname="CentralEmails openModal() / closeModal()"/>
  <testcase name="CentralEmails openModal() / closeModal() Should reset newEmail when open modal" time="0.003" classname="CentralEmails openModal() / closeModal()"/>
  <testcase name="CentralEmails openModal() / closeModal() Should close modal" time="0.004" classname="CentralEmails openModal() / closeModal()"/>
  <testcase name="CentralEmails openModal() / closeModal() Should reset newPassword when close modal" time="0.004" classname="CentralEmails openModal() / closeModal()"/>
  <testcase name="CentralEmails addEmail() Should show success alert after add" time="0.005" classname="CentralEmails addEmail()"/>
  <testcase name="CentralEmails addEmail() Should show error alert when add fails" time="0.005" classname="CentralEmails addEmail()"/>
  <testcase name="CentralEmails addEmail() Should not call service if newEmail is empty" time="0.003" classname="CentralEmails addEmail()"/>
  <testcase name="CentralEmails addEmail() Should call addMonitored with userId and email" time="0.005" classname="CentralEmails addEmail()"/>
  <system-out>
    <![CDATA[Chrome Headless 148.0.0.0 (Linux 0.0.0) ERROR: 'Error: All fields are required.'
,Chrome Headless 148.0.0.0 (Linux 0.0.0) ERROR: 'Error: All fields are required.'
,Chrome Headless 148.0.0.0 (Linux 0.0.0) ERROR: 'Error saving user:', 'erro'

]]>
  </system-out>
  <system-err/>
</testsuite>